2025-12-09 13:46:21, Info                  CBS    TI: --- Initializing Trusted Installer ---
2025-12-09 13:46:21, Info                  CBS    TI: Last boot time: 2025-12-08 13:46:29.547
2025-12-09 13:46:21, Info                  CBS    Starting TrustedInstaller initialization.
2025-12-09 13:46:21, Info                  CBS    Lock: New lock added: CCbsPublicSessionClassFactory, level: 30, total lock:4
2025-12-09 13:46:21, Info                  CBS    Lock: New lock added: CCbsPublicSessionClassFactory, level: 30, total lock:5
2025-12-09 13:46:21, Info                  CBS    Lock: New lock added: WinlogonNotifyLock, level: 8, total lock:6
2025-12-09 13:46:21, Info                  CBS    Ending TrustedInstaller initialization.
2025-12-09 13:46:21, Info                  CBS    Starting the TrustedInstaller main loop.
2025-12-09 13:46:21, Info                  CBS    TrustedInstaller service starts successfully.
2025-12-09 13:46:21, Info                  CBS    No startup processing required, TrustedInstaller service was not set as autostart
2025-12-09 13:46:21, Info                  CBS    Startup processing thread terminated normally
2025-12-09 13:46:21, Info                  CBS    TI: Startup Processing completes, release startup processing lock.
2025-12-09 13:46:21, Info                  CBS    Starting TiWorker initialization.
2025-12-09 13:46:21, Info                  CBS    Lock: New lock added: TiWorkerClassFactory, level: 30, total lock:2
2025-12-09 13:46:21, Info                  CBS    Ending TiWorker initialization.
2025-12-09 13:46:21, Info                  CBS    Starting the TiWorker main loop.
2025-12-09 13:46:21, Info                  CBS    TiWorker starts successfully.
2025-12-09 13:46:21, Info                  CBS    Lock: New lock added: CCbsWorker, level: 5, total lock:3
2025-12-09 13:46:21, Info                  CBS    Universal Time is: 2025-12-09 19:46:21.652
2025-12-09 13:46:21, Info                  CBS    Loaded Servicing Stack v10.0.17763.3460 with Core: C:\Windows\winsxs\amd64_microsoft-windows-servicingstack_31bf3856ad364e35_10.0.17763.3460_none_56e79a71991d0854\cbscore.dll
2025-12-09 13:46:21, Info                  CBS    Build: 17763.1.amd64fre.rs5_release.180914-1434
2025-12-09 13:46:21, Info                  CSI    00000001@2025/12/9:19:46:21.656 WcpInitialize: wcp.dll version 10.0.17763.3460 (WinBuild.160101.0800)
2025-12-09 13:46:21, Info                  CBS    Could not load SrClient DLL from path: SrClient.dll.  Continuing without system restore points.
2025-12-09 13:46:21, Info                  CBS    Lock: New lock added: CCbsSessionManager, level: 11, total lock:8
2025-12-09 13:46:21, Info                  CBS    Lock: New lock added: CSIInventoryCriticalSection, level: 64, total lock:9
2025-12-09 13:46:21, Info                  CBS    NonStart: Set pending store consistency check.
2025-12-09 13:46:21, Info                  CBS    Session: 31222084_2123620517 initialized by client WinMgmt, external staging directory: (null), external registry directory: (null
2025-12-09 13:46:21, Info                  CBS    Appl:Forcing GE on revision on parent:Microsoft-Windows-Client-Features-Package~31bf3856ad364e35~amd64~~10.0.17763.1
2025-12-09 13:46:21, Info                  CBS    Appl:Forcing GE on revision on parent:Microsoft-Windows-EditionPack-Cloud-Package~31bf3856ad364e35~amd64~~10.0.17763.1
2025-12-09 13:46:21, Info                  CBS    Appl:Forcing GE on revision on parent:Microsoft-Windows-ServerCore-Package~31bf3856ad364e35~amd64~~10.0.17763.1
2025-12-09 13:46:21, Info                  CBS    Appl:Feature On Demand package without explicit comparator, using GE on build version
2025-12-09 13:46:21, Info                  CBS    Appl:Forcing GE on revision on parent:Microsoft-Windows-Foundation-Package~31bf3856ad364e35~amd64~~10.0.17763.1
2025-12-09 13:46:21, Info                  CBS    Appl:Feature On Demand package without explicit comparator, using GE on build version
2025-12-09 13:46:21, Info                  CBS    Appl:Forcing GE on revision on parent:Microsoft-Windows-Server-Shell-Package~31bf3856ad364e35~amd64~~10.0.17763.1
2025-12-09 13:46:21, Info                  CBS    Appl:Forcing GE on revision on parent:Microsoft-Windows-Foundation-Package~31bf3856ad364e35~amd64~~10.0.0.0
2025-12-09 13:46:21, Info                  CBS    Appl:Forcing GE on revision on parent:Microsoft-Windows-ServerCore-Package~31bf3856ad364e35~amd64~~10.0.0.0
2025-12-09 13:46:21, Info                  CBS    Appl:Forcing GE on revision on parent:Microsoft-Windows-ServerCore-Package~31bf3856ad364e35~amd64~~10.0.17763.1
2025-12-09 13:46:21, Info                  CBS    Appl:Forcing GE on revision on parent:Microsoft-Windows-Foundation-Package~31bf3856ad364e35~amd64~~10.0.17763.1
2025-12-09 13:46:22, Info                  CBS    Appl:Forcing GE on revision on parent:Microsoft-NanoServer-Edition-Core-Package~31bf3856ad364e35~amd64~~10.0.0.0
2025-12-09 13:46:22, Info                  CBS    Appl:Forcing GE on revision on parent:Microsoft-Windows-Client-Features-Package~31bf3856ad364e35~amd64~~10.0.17763.1
2025-12-09 13:46:22, Info                  CBS    Appl:Forcing GE on revision on parent:Microsoft-Windows-EditionPack-Cloud-Package~31bf3856ad364e35~amd64~~10.0.17763.1
2025-12-09 13:46:22, Info                  CBS    Appl:Forcing GE on revision on parent:Microsoft-Windows-Server-Features-Package~31bf3856ad364e35~amd64~~10.0.17763.1
2025-12-09 13:46:22, Info                  CBS    Appl:Forcing GE on revision on parent:Microsoft-Windows-CoreCountrySpecificEdition~31bf3856ad364e35~amd64~~10.0.17763.1
2025-12-09 13:46:22, Info                  CBS    Appl:Forcing GE on revision on parent:Microsoft-Windows-CoreEdition~31bf3856ad364e35~amd64~~10.0.17763.1
2025-12-09 13:46:22, Info                  CBS    Appl:Forcing GE on revision on parent:Microsoft-Windows-CoreNEdition~31bf3856ad364e35~amd64~~10.0.17763.1
2025-12-09 13:46:22, Info                  CBS    Appl:Forcing GE on revision on parent:Microsoft-Windows-EnterpriseEvalEdition~31bf3856ad364e35~amd64~~10.0.17763.1
2025-12-09 13:46:22, Info                  CBS    Appl:Forcing GE on revision on parent:Microsoft-Windows-EnterpriseGEdition~31bf3856ad364e35~amd64~~10.0.17763.1
2025-12-09 13:46:22, Info                  CBS    Appl:Forcing GE on revision on parent:Microsoft-Windows-EnterpriseGNEdition~31bf3856ad364e35~amd64~~10.0.17763.1
2025-12-09 13:46:22, Info                  CBS    Appl:Forcing GE on revision on parent:Microsoft-Windows-EnterpriseNEvalEdition~31bf3856ad364e35~amd64~~10.0.17763.1
2025-12-09 13:46:22, Info                  CBS    Appl:Forcing GE on revision on parent:Microsoft-Windows-EnterpriseSEdition~31bf3856ad364e35~amd64~~10.0.17763.1
2025-12-09 13:46:22, Info                  CBS    Appl:Forcing GE on revision on parent:Microsoft-Windows-EnterpriseSEvalEdition~31bf3856ad364e35~amd64~~10.0.17763.1
2025-12-09 13:46:22, Info                  CBS    Appl:Forcing GE on revision on parent:Microsoft-Windows-EnterpriseSNEdition~31bf3856ad364e35~amd64~~10.0.17763.1
2025-12-09 13:46:22, Info                  CBS    Appl:Forcing GE on revision on parent:Microsoft-Windows-EnterpriseSNEvalEdition~31bf3856ad364e35~amd64~~10.0.17763.1
2025-12-09 13:46:22, Info                  CBS    Appl:Forcing GE on revision on parent:Microsoft-Windows-ProfessionalEdition~31bf3856ad364e35~amd64~~10.0.17763.1
2025-12-09 13:46:22, Info                  CBS    Appl:Forcing GE on revision on parent:Microsoft-Windows-ProfessionalNEdition~31bf3856ad364e35~amd64~~10.0.17763.1
2025-12-09 13:46:22, Info                  CBS    Appl:Forcing GE on revision on parent:Microsoft-Windows-ServerDatacenterACorEdition~31bf3856ad364e35~amd64~~10.0.17763.1
2025-12-09 13:46:22, Info                  CBS    Appl:Forcing GE on revision on parent:Microsoft-Windows-ServerDatacenterCorEdition~31bf3856ad364e35~amd64~~10.0.17763.1
2025-12-09 13:46:22, Info                  CBS    Appl:Forcing GE on revision on parent:Microsoft-Windows-ServerDatacenterEdition~31bf3856ad364e35~amd64~~10.0.17763.1
2025-12-09 13:46:22, Info                  CBS    Appl:Forcing GE on revision on parent:Microsoft-Windows-ServerDatacenterEvalCorEdition~31bf3856ad364e35~amd64~~10.0.17763.1
2025-12-09 13:46:22, Info                  CBS    Appl:Forcing GE on revision on parent:Microsoft-Windows-ServerDatacenterEvalEdition~31bf3856ad364e35~amd64~~10.0.17763.1
2025-12-09 13:46:22, Info                  CBS    Appl:Forcing GE on revision on parent:Microsoft-Windows-ServerDatacenterNanoEdition~31bf3856ad364e35~amd64~~10.0.17763.1
2025-12-09 13:46:22, Info                  CBS    Appl:Forcing GE on revision on parent:Microsoft-Windows-ServerHyperCoreEdition~31bf3856ad364e35~amd64~~10.0.17763.1
2025-12-09 13:46:22, Info                  CBS    Appl:Forcing GE on revision on parent:Microsoft-Windows-ServerSolutionEdition~31bf3856ad364e35~amd64~~10.0.17763.1
2025-12-09 13:46:22, Info                  CBS    Appl:Forcing GE on revision on parent:Microsoft-Windows-ServerStandardACorEdition~31bf3856ad364e35~amd64~~10.0.17763.1
2025-12-09 13:46:22, Info                  CBS    Appl:Forcing GE on revision on parent:Microsoft-Windows-ServerStandardCorEdition~31bf3856ad364e35~amd64~~10.0.17763.1
2025-12-09 13:46:22, Info                  CBS    Appl:Forcing GE on revision on parent:Microsoft-Windows-ServerStandardEdition~31bf3856ad364e35~amd64~~10.0.17763.1
2025-12-09 13:46:22, Info                  CBS    Appl:Forcing GE on revision on parent:Microsoft-Windows-ServerStandardEvalCorEdition~31bf3856ad364e35~amd64~~10.0.17763.1
2025-12-09 13:46:22, Info                  CBS    Appl:Forcing GE on revision on parent:Microsoft-Windows-ServerStandardEvalEdition~31bf3856ad364e35~amd64~~10.0.17763.1
2025-12-09 13:46:22, Info                  CBS    Appl:Forcing GE on revision on parent:Microsoft-Windows-ServerStandardNanoEdition~31bf3856ad364e35~amd64~~10.0.17763.1
2025-12-09 13:46:22, Info                  CBS    Appl:Forcing GE on revision on parent:Microsoft-Windows-ServerStorageStandardEdition~31bf3856ad364e35~amd64~~10.0.17763.1
2025-12-09 13:46:22, Info                  CBS    Appl:Forcing GE on revision on parent:Microsoft-Windows-ServerStorageWorkgroupEdition~31bf3856ad364e35~amd64~~10.0.17763.1
2025-12-09 13:46:22, Info                  CBS    Appl:Forcing GE on revision on parent:Microsoft-Windows-ServerWebEdition~31bf3856ad364e35~amd64~~10.0.17763.1
2025-12-09 13:46:22, Info                  CBS    Appl:Forcing GE on revision on parent:Microsoft-Windows-UtilityVMEdition~31bf3856ad364e35~amd64~~10.0.17763.1
2025-12-09 13:46:22, Info                  CBS    Appl:Forcing GE on revision on parent:WinPE-NetFx-Package~31bf3856ad364e35~amd64~~10.0.17763.1
2025-12-09 13:46:22, Info                  CBS    Appl:Forcing GE on revision on parent:Microsoft-Windows-CloudEdition~31bf3856ad364e35~amd64~~10.0.16299.15
2025-12-09 13:46:22, Info                  CBS    Appl:Forcing GE on revision on parent:Microsoft-Windows-CloudNEdition~31bf3856ad364e35~amd64~~10.0.16299.15
2025-12-09 13:46:22, Info                  CBS    Appl:Forcing GE on revision on parent:Microsoft-Windows-CoreCountrySpecificEdition~31bf3856ad364e35~amd64~~10.0.16299.15
2025-12-09 13:46:22, Info                  CBS    Appl:Forcing GE on revision on parent:Microsoft-Windows-CoreEdition~31bf3856ad364e35~amd64~~10.0.16299.15
2025-12-09 13:46:22, Info                  CBS    Appl:Forcing GE on revision on parent:Microsoft-Windows-CoreNEdition~31bf3856ad364e35~amd64~~10.0.16299.15
2025-12-09 13:46:22, Info                  CBS    Appl:Forcing GE on revision on parent:Microsoft-Windows-CoreSingleLanguageEdition~31bf3856ad364e35~amd64~~10.0.16299.15
2025-12-09 13:46:22, Info                  CBS    Appl:Forcing GE on revision on parent:Microsoft-Windows-EducationEdition~31bf3856ad364e35~amd64~~10.0.16299.15
2025-12-09 13:46:22, Info                  CBS    Appl:Forcing GE on revision on parent:Microsoft-Windows-EducationNEdition~31bf3856ad364e35~amd64~~10.0.16299.15
2025-12-09 13:46:22, Info                  CBS    Appl:Forcing GE on revision on parent:Microsoft-Windows-EnterpriseEdition~31bf3856ad364e35~amd64~~10.0.16299.15
2025-12-09 13:46:22, Info                  CBS    Appl:Forcing GE on revision on parent:Microsoft-Windows-EnterpriseEvalEdition~31bf3856ad364e35~amd64~~10.0.16299.15
2025-12-09 13:46:22, Info                  CBS    Appl:Forcing GE on revision on parent:Microsoft-Windows-EnterpriseGEdition~31bf3856ad364e35~amd64~~10.0.16299.15
2025-12-09 13:46:22, Info                  CBS    Appl:Forcing GE on revision on parent:Microsoft-Windows-EnterpriseGNEdition~31bf3856ad364e35~amd64~~10.0.16299.15
2025-12-09 13:46:22, Info                  CBS    Appl:Forcing GE on revision on parent:Microsoft-Windows-EnterpriseNEdition~31bf3856ad364e35~amd64~~10.0.16299.15
2025-12-09 13:46:22, Info                  CBS    Appl:Forcing GE on revision on parent:Microsoft-Windows-EnterpriseNEvalEdition~31bf3856ad364e35~amd64~~10.0.16299.15
2025-12-09 13:46:22, Info                  CBS    Appl:Forcing GE on revision on parent:Microsoft-Windows-EnterpriseSEdition~31bf3856ad364e35~amd64~~10.0.16299.15
2025-12-09 13:46:22, Info                  CBS    Appl:Forcing GE on revision on parent:Microsoft-Windows-EnterpriseSEvalEdition~31bf3856ad364e35~amd64~~10.0.16299.15
2025-12-09 13:46:22, Info                  CBS    Appl:Forcing GE on revision on parent:Microsoft-Windows-EnterpriseSNEdition~31bf3856ad364e35~amd64~~10.0.16299.15
2025-12-09 13:46:22, Info                  CBS    Appl:Forcing GE on revision on parent:Microsoft-Windows-EnterpriseSNEvalEdition~31bf3856ad364e35~amd64~~10.0.16299.15
2025-12-09 13:46:22, Info                  CBS    Appl:Forcing GE on revision on parent:Microsoft-Windows-PPIProEdition~31bf3856ad364e35~amd64~~10.0.16299.15
2025-12-09 13:46:22, Info                  CBS    Appl:Forcing GE on revision on parent:Microsoft-Windows-ProfessionalEdition~31bf3856ad364e35~amd64~~10.0.16299.15
2025-12-09 13:46:22, Info                  CBS    Appl:Forcing GE on revision on parent:Microsoft-Windows-ProfessionalEducationEdition~31bf3856ad364e35~amd64~~10.0.16299.15
2025-12-09 13:46:22, Info                  CBS    Appl:Forcing GE on revision on parent:Microsoft-Windows-ProfessionalEducationNEdition~31bf3856ad364e35~amd64~~10.0.16299.15
2025-12-09 13:46:22, Info                  CBS    Appl:Forcing GE on revision on parent:Microsoft-Windows-ProfessionalNEdition~31bf3856ad364e35~amd64~~10.0.16299.15
2025-12-09 13:46:22, Info                  CBS    Appl:Forcing GE on revision on parent:Microsoft-Windows-ProfessionalWorkstationEdition~31bf3856ad364e35~amd64~~10.0.16299.15
2025-12-09 13:46:22, Info                  CBS    Appl:Forcing GE on revision on parent:Microsoft-Windows-ServerDatacenterACorEdition~31bf3856ad364e35~amd64~~10.0.16299.15
2025-12-09 13:46:22, Info                  CBS    Appl:Forcing GE on revision on parent:Microsoft-Windows-ServerDatacenterCorEdition~31bf3856ad364e35~amd64~~10.0.16299.15
2025-12-09 13:46:22, Info                  CBS    Appl:Forcing GE on revision on parent:Microsoft-Windows-ServerDatacenterEdition~31bf3856ad364e35~amd64~~10.0.16299.15
2025-12-09 13:46:22, Info                  CBS    Appl:Forcing GE on revision on parent:Microsoft-Windows-ServerDatacenterEvalCorEdition~31bf3856ad364e35~amd64~~10.0.16299.15
2025-12-09 13:46:22, Info                  CBS    Appl:Forcing GE on revision on parent:Microsoft-Windows-ServerDatacenterEvalEdition~31bf3856ad364e35~amd64~~10.0.16299.15
2025-12-09 13:46:22, Info                  CBS    Appl:Forcing GE on revision on parent:Microsoft-Windows-ServerHyperCoreEdition~31bf3856ad364e35~amd64~~10.0.16299.15
2025-12-09 13:46:22, Info                  CBS    Appl:Forcing GE on revision on parent:Microsoft-Windows-ServerSolutionEdition~31bf3856ad364e35~amd64~~10.0.16299.15
2025-12-09 13:46:22, Info                  CBS    Appl:Forcing GE on revision on parent:Microsoft-Windows-ServerStandardACorEdition~31bf3856ad364e35~amd64~~10.0.16299.15
2025-12-09 13:46:22, Info                  CBS    Appl:Forcing GE on revision on parent:Microsoft-Windows-ServerStandardCorEdition~31bf3856ad364e35~amd64~~10.0.16299.15
2025-12-09 13:46:22, Info                  CBS    Appl:Forcing GE on revision on parent:Microsoft-Windows-ServerStandardEdition~31bf3856ad364e35~amd64~~10.0.16299.15
2025-12-09 13:46:22, Info                  CBS    Appl:Forcing GE on revision on parent:Microsoft-Windows-ServerStandardEvalCorEdition~31bf3856ad364e35~amd64~~10.0.16299.15
2025-12-09 13:46:22, Info                  CBS    Appl:Forcing GE on revision on parent:Microsoft-Windows-ServerStandardEvalEdition~31bf3856ad364e35~amd64~~10.0.16299.15
2025-12-09 13:46:22, Info                  CBS    Appl:Forcing GE on revision on parent:Microsoft-Windows-ServerStorageStandardEdition~31bf3856ad364e35~amd64~~10.0.16299.15
2025-12-09 13:46:22, Info                  CBS    Appl:Forcing GE on revision on parent:Microsoft-Windows-ServerStorageWorkgroupEdition~31bf3856ad364e35~amd64~~10.0.16299.15
2025-12-09 13:46:22, Info                  CBS    Appl:Forcing GE on revision on parent:WinPE-NetFx-Package~31bf3856ad364e35~amd64~~10.0.16299.15
2025-12-09 13:46:22, Info                  CBS    Appl:Forcing GE on revision on parent:Microsoft-Windows-CoreCountrySpecificEdition~31bf3856ad364e35~amd64~~10.0.17763.1
2025-12-09 13:46:22, Info                  CBS    Appl:Forcing GE on revision on parent:Microsoft-Windows-CoreEdition~31bf3856ad364e35~amd64~~10.0.17763.1
2025-12-09 13:46:22, Info                  CBS    Appl:Forcing GE on revision on parent:Microsoft-Windows-CoreNEdition~31bf3856ad364e35~amd64~~10.0.17763.1
2025-12-09 13:46:22, Info                  CBS    Appl:Forcing GE on revision on parent:Microsoft-Windows-EnterpriseEvalEdition~31bf3856ad364e35~amd64~~10.0.17763.1
2025-12-09 13:46:22, Info                  CBS    Appl:Forcing GE on revision on parent:Microsoft-Windows-EnterpriseGEdition~31bf3856ad364e35~amd64~~10.0.17763.1
2025-12-09 13:46:22, Info                  CBS    Appl:Forcing GE on revision on parent:Microsoft-Windows-EnterpriseNEvalEdition~31bf3856ad364e35~amd64~~10.0.17763.1
2025-12-09 13:46:22, Info                  CBS    Appl:Forcing GE on revision on parent:Microsoft-Windows-EnterpriseSEdition~31bf3856ad364e35~amd64~~10.0.17763.1
2025-12-09 13:46:22, Info                  CBS    Appl:Forcing GE on revision on parent:Microsoft-Windows-EnterpriseSEvalEdition~31bf3856ad364e35~amd64~~10.0.17763.1
2025-12-09 13:46:22, Info                  CBS    Appl:Forcing GE on revision on parent:Microsoft-Windows-EnterpriseSNEdition~31bf3856ad364e35~amd64~~10.0.17763.1
2025-12-09 13:46:22, Info                  CBS    Appl:Forcing GE on revision on parent:Microsoft-Windows-EnterpriseSNEvalEdition~31bf3856ad364e35~amd64~~10.0.17763.1
2025-12-09 13:46:22, Info                  CBS    Appl:Forcing GE on revision on parent:Microsoft-Windows-ProfessionalEdition~31bf3856ad364e35~amd64~~10.0.17763.1
2025-12-09 13:46:22, Info                  CBS    Appl:Forcing GE on revision on parent:Microsoft-Windows-ProfessionalNEdition~31bf3856ad364e35~amd64~~10.0.17763.1
2025-12-09 13:46:22, Info                  CBS    Appl:Forcing GE on revision on parent:Microsoft-Windows-ServerDatacenterACorEdition~31bf3856ad364e35~amd64~~10.0.17763.1
2025-12-09 13:46:22, Info                  CBS    Appl:Forcing GE on revision on parent:Microsoft-Windows-ServerDatacenterCorEdition~31bf3856ad364e35~amd64~~10.0.17763.1
2025-12-09 13:46:22, Info                  CBS    Appl:Forcing GE on revision on parent:Microsoft-Windows-ServerDatacenterEdition~31bf3856ad364e35~amd64~~10.0.17763.1
2025-12-09 13:46:22, Info                  CBS    Appl:Forcing GE on revision on parent:Microsoft-Windows-ServerDatacenterEvalCorEdition~31bf3856ad364e35~amd64~~10.0.17763.1
2025-12-09 13:46:22, Info                  CBS    Appl:Forcing GE on revision on parent:Microsoft-Windows-ServerDatacenterEvalEdition~31bf3856ad364e35~amd64~~10.0.17763.1
2025-12-09 13:46:22, Info                  CBS    Appl:Forcing GE on revision on parent:Microsoft-Windows-ServerDatacenterNanoEdition~31bf3856ad364e35~amd64~~10.0.17763.1
2025-12-09 13:46:22, Info                  CBS    Appl:Forcing GE on revision on parent:Microsoft-Windows-ServerHyperCoreEdition~31bf3856ad364e35~amd64~~10.0.17763.1
2025-12-09 13:46:22, Info                  CBS    Appl:Forcing GE on revision on parent:Microsoft-Windows-ServerSolutionEdition~31bf3856ad364e35~amd64~~10.0.17763.1
2025-12-09 13:46:22, Info                  CBS    Appl:Forcing GE on revision on parent:Microsoft-Windows-ServerStandardACorEdition~31bf3856ad364e35~amd64~~10.0.17763.1
2025-12-09 13:46:22, Info                  CBS    Appl:Forcing GE on revision on parent:Microsoft-Windows-ServerStandardCorEdition~31bf3856ad364e35~amd64~~10.0.17763.1
2025-12-09 13:46:22, Info                  CBS    Appl:Forcing GE on revision on parent:Microsoft-Windows-ServerStandardEdition~31bf3856ad364e35~amd64~~10.0.17763.1
2025-12-09 13:46:22, Info                  CBS    Appl:Forcing GE on revision on parent:Microsoft-Windows-ServerStandardEvalCorEdition~31bf3856ad364e35~amd64~~10.0.17763.1
2025-12-09 13:46:22, Info                  CBS    Appl:Forcing GE on revision on parent:Microsoft-Windows-ServerStandardEvalEdition~31bf3856ad364e35~amd64~~10.0.17763.1
2025-12-09 13:46:22, Info                  CBS    Appl:Forcing GE on revision on parent:Microsoft-Windows-ServerStandardNanoEdition~31bf3856ad364e35~amd64~~10.0.17763.1
2025-12-09 13:46:22, Info                  CBS    Appl:Forcing GE on revision on parent:Microsoft-Windows-UtilityVMEdition~31bf3856ad364e35~amd64~~10.0.17763.1
2025-12-09 13:46:22, Info                  CBS    Appl:Forcing GE on revision on parent:Microsoft-Windows-WinPE-Package~31bf3856ad364e35~amd64~~10.0.17763.1
2025-12-09 13:46:22, Info                  CBS    Appl:Forcing GE on revision on parent:Microsoft-Windows-EnterpriseEvalEdition~31bf3856ad364e35~amd64~~10.0.17763.1
2025-12-09 13:46:22, Info                  CBS    Appl:Forcing GE on revision on parent:Microsoft-Windows-EnterpriseGEdition~31bf3856ad364e35~amd64~~10.0.17763.1
2025-12-09 13:46:22, Info                  CBS    Appl:Forcing GE on revision on parent:Microsoft-Windows-EnterpriseNEvalEdition~31bf3856ad364e35~amd64~~10.0.17763.1
2025-12-09 13:46:22, Info                  CBS    Appl:Forcing GE on revision on parent:Microsoft-Windows-EnterpriseSEdition~31bf3856ad364e35~amd64~~10.0.17763.1
2025-12-09 13:46:22, Info                  CBS    Appl:Forcing GE on revision on parent:Microsoft-Windows-EnterpriseSEvalEdition~31bf3856ad364e35~amd64~~10.0.17763.1
2025-12-09 13:46:22, Info                  CBS    Appl:Forcing GE on revision on parent:Microsoft-Windows-EnterpriseSNEdition~31bf3856ad364e35~amd64~~10.0.17763.1
2025-12-09 13:46:22, Info                  CBS    Appl:Forcing GE on revision on parent:Microsoft-Windows-EnterpriseSNEvalEdition~31bf3856ad364e35~amd64~~10.0.17763.1
2025-12-09 13:46:22, Info                  CBS    Appl:Forcing GE on revision on parent:Microsoft-Windows-ProfessionalEdition~31bf3856ad364e35~amd64~~10.0.17763.1
2025-12-09 13:46:22, Info                  CBS    Appl:Forcing GE on revision on parent:Microsoft-Windows-ProfessionalNEdition~31bf3856ad364e35~amd64~~10.0.17763.1
2025-12-09 13:46:22, Info                  CBS    Appl:Forcing GE on revision on parent:Microsoft-Windows-ServerDatacenterCorEdition~31bf3856ad364e35~amd64~~10.0.17763.1
2025-12-09 13:46:22, Info                  CBS    Appl:Forcing GE on revision on parent:Microsoft-Windows-ServerDatacenterEdition~31bf3856ad364e35~amd64~~10.0.17763.1
2025-12-09 13:46:22, Info                  CBS    Appl:Forcing GE on revision on parent:Microsoft-Windows-ServerDatacenterEvalCorEdition~31bf3856ad364e35~amd64~~10.0.17763.1
2025-12-09 13:46:22, Info                  CBS    Appl:Forcing GE on revision on parent:Microsoft-Windows-ServerDatacenterEvalEdition~31bf3856ad364e35~amd64~~10.0.17763.1
2025-12-09 13:46:22, Info                  CBS    Appl:Forcing GE on revision on parent:Microsoft-Windows-ServerDatacenterNanoEdition~31bf3856ad364e35~amd64~~10.0.17763.1
2025-12-09 13:46:22, Info                  CBS    Appl:Forcing GE on revision on parent:Microsoft-Windows-ServerHyperCoreEdition~31bf3856ad364e35~amd64~~10.0.17763.1
2025-12-09 13:46:22, Info                  CBS    Appl:Forcing GE on revision on parent:Microsoft-Windows-ServerSolutionEdition~31bf3856ad364e35~amd64~~10.0.17763.1
2025-12-09 13:46:22, Info                  CBS    Appl:Forcing GE on revision on parent:Microsoft-Windows-ServerStandardCorEdition~31bf3856ad364e35~amd64~~10.0.17763.1
2025-12-09 13:46:22, Info                  CBS    Appl:Forcing GE on revision on parent:Microsoft-Windows-ServerStandardEdition~31bf3856ad364e35~amd64~~10.0.17763.1
2025-12-09 13:46:22, Info                  CBS    Appl:Forcing GE on revision on parent:Microsoft-Windows-ServerStandardEvalCorEdition~31bf3856ad364e35~amd64~~10.0.17763.1
2025-12-09 13:46:22, Info                  CBS    Appl:Forcing GE on revision on parent:Microsoft-Windows-ServerStandardEvalEdition~31bf3856ad364e35~amd64~~10.0.17763.1
2025-12-09 13:46:22, Info                  CBS    Appl:Forcing GE on revision on parent:Microsoft-Windows-ServerStandardNanoEdition~31bf3856ad364e35~amd64~~10.0.17763.1
2025-12-09 13:46:22, Info                  CBS    Appl:Forcing GE on revision on parent:Microsoft-Windows-UtilityVMEdition~31bf3856ad364e35~amd64~~10.0.17763.1
2025-12-09 13:46:22, Info                  CBS    Appl:Forcing GE on revision on parent:Microsoft-Windows-WinPE-Package~31bf3856ad364e35~amd64~~10.0.17763.1
2025-12-09 13:46:24, Info                  CBS    Appl:Forcing GE on revision on parent:Microsoft-Windows-EnterpriseGEdition~31bf3856ad364e35~amd64~~10.0.17763.1
2025-12-09 13:46:24, Info                  CBS    Appl:Forcing GE on revision on parent:Microsoft-Windows-EnterpriseSEdition~31bf3856ad364e35~amd64~~10.0.17763.1
2025-12-09 13:46:24, Info                  CBS    Appl:Forcing GE on revision on parent:Microsoft-Windows-EnterpriseSEvalEdition~31bf3856ad364e35~amd64~~10.0.17763.1
2025-12-09 13:46:24, Info                  CBS    Appl:Forcing GE on revision on parent:Microsoft-Windows-EnterpriseSNEdition~31bf3856ad364e35~amd64~~10.0.17763.1
2025-12-09 13:46:24, Info                  CBS    Appl:Forcing GE on revision on parent:Microsoft-Windows-EnterpriseSNEvalEdition~31bf3856ad364e35~amd64~~10.0.17763.1
2025-12-09 13:46:24, Info                  CBS    Appl:Forcing GE on revision on parent:Microsoft-Windows-ProfessionalEdition~31bf3856ad364e35~amd64~~10.0.17763.1
2025-12-09 13:46:24, Info                  CBS    Appl:Forcing GE on revision on parent:Microsoft-Windows-ProfessionalNEdition~31bf3856ad364e35~amd64~~10.0.17763.1
2025-12-09 13:46:24, Info                  CBS    Appl:Forcing GE on revision on parent:Microsoft-Windows-ServerDatacenterCorEdition~31bf3856ad364e35~amd64~~10.0.17763.1
2025-12-09 13:46:24, Info                  CBS    Appl:Forcing GE on revision on parent:Microsoft-Windows-ServerDatacenterEdition~31bf3856ad364e35~amd64~~10.0.17763.1
2025-12-09 13:46:24, Info                  CBS    Appl:Forcing GE on revision on parent:Microsoft-Windows-ServerDatacenterEvalCorEdition~31bf3856ad364e35~amd64~~10.0.17763.1
2025-12-09 13:46:24, Info                  CBS    Appl:Forcing GE on revision on parent:Microsoft-Windows-ServerDatacenterEvalEdition~31bf3856ad364e35~amd64~~10.0.17763.1
2025-12-09 13:46:24, Info                  CBS    Appl:Forcing GE on revision on parent:Microsoft-Windows-ServerDatacenterNanoEdition~31bf3856ad364e35~amd64~~10.0.17763.1
2025-12-09 13:46:24, Info                  CBS    Appl:Forcing GE on revision on parent:Microsoft-Windows-ServerHyperCoreEdition~31bf3856ad364e35~amd64~~10.0.17763.1
2025-12-09 13:46:24, Info                  CBS    Appl:Forcing GE on revision on parent:Microsoft-Windows-ServerSolutionEdition~31bf3856ad364e35~amd64~~10.0.17763.1
2025-12-09 13:46:24, Info                  CBS    Appl:Forcing GE on revision on parent:Microsoft-Windows-ServerStandardCorEdition~31bf3856ad364e35~amd64~~10.0.17763.1
2025-12-09 13:46:24, Info                  CBS    Appl:Forcing GE on revision on parent:Microsoft-Windows-ServerStandardEdition~31bf3856ad364e35~amd64~~10.0.17763.1
2025-12-09 13:46:24, Info                  CBS    Appl:Forcing GE on revision on parent:Microsoft-Windows-ServerStandardEvalCorEdition~31bf3856ad364e35~amd64~~10.0.17763.1
2025-12-09 13:46:24, Info                  CBS    Appl:Forcing GE on revision on parent:Microsoft-Windows-ServerStandardEvalEdition~31bf3856ad364e35~amd64~~10.0.17763.1
2025-12-09 13:46:24, Info                  CBS    Appl:Forcing GE on revision on parent:Microsoft-Windows-ServerStandardNanoEdition~31bf3856ad364e35~amd64~~10.0.17763.1
2025-12-09 13:46:24, Info                  CBS    Appl:Forcing GE on revision on parent:Microsoft-Windows-UtilityVMEdition~31bf3856ad364e35~amd64~~10.0.17763.1
2025-12-09 13:46:24, Info                  CBS    Appl:Forcing GE on revision on parent:Microsoft-Windows-WinPE-Package~31bf3856ad364e35~amd64~~10.0.17763.1
2025-12-09 13:46:24, Info                  CBS    Appl:Forcing GE on revision on parent:WinPE-AppxPackaging-Package~31bf3856ad364e35~amd64~~10.0.17763.1
2025-12-09 13:46:24, Info                  CBS    Appl:Forcing GE on revision on parent:WinPE-ATBroker-Package~31bf3856ad364e35~amd64~~10.0.17763.1
2025-12-09 13:46:24, Info                  CBS    Appl:Forcing GE on revision on parent:WinPE-AudioCore-Package~31bf3856ad364e35~amd64~~10.0.17763.1
2025-12-09 13:46:24, Info                  CBS    Appl:Forcing GE on revision on parent:WinPE-AudioDrivers-Package~31bf3856ad364e35~amd64~~10.0.17763.1
2025-12-09 13:46:24, Info                  CBS    Appl:Forcing GE on revision on parent:WinPE-DismCmdlets-Package~31bf3856ad364e35~amd64~~10.0.17763.1
2025-12-09 13:46:24, Info                  CBS    Appl:Forcing GE on revision on parent:WinPE-Dot3Svc-Package~31bf3856ad364e35~amd64~~10.0.17763.1
2025-12-09 13:46:24, Info                  CBS    Appl:Forcing GE on revision on parent:WinPE-EnhancedStorage-Package~31bf3856ad364e35~amd64~~10.0.17763.1
2025-12-09 13:46:24, Info                  CBS    Appl:Forcing GE on revision on parent:WinPE-FontSupport-JA-JP-Package~31bf3856ad364e35~amd64~~10.0.17763.1
2025-12-09 13:46:24, Info                  CBS    Appl:Forcing GE on revision on parent:WinPE-GamingPeripherals-Package~31bf3856ad364e35~amd64~~10.0.17763.1
2025-12-09 13:46:24, Info                  CBS    Appl:Forcing GE on revision on parent:WinPE-HTA-Package~31bf3856ad364e35~amd64~~10.0.17763.1
2025-12-09 13:46:24, Info                  CBS    Appl:Forcing GE on revision on parent:WinPE-LegacySetup-Package~31bf3856ad364e35~amd64~~10.0.17763.1
2025-12-09 13:46:24, Info                  CBS    Appl:Forcing GE on revision on parent:WinPE-MDAC-Package~31bf3856ad364e35~amd64~~10.0.17763.1
2025-12-09 13:46:24, Info                  CBS    Appl:Forcing GE on revision on parent:WinPE-Narrator-Package~31bf3856ad364e35~amd64~~10.0.17763.1
2025-12-09 13:46:24, Info                  CBS    Appl:Forcing GE on revision on parent:WinPE-NetFx-Package~31bf3856ad364e35~amd64~~10.0.17763.1
2025-12-09 13:46:24, Info                  CBS    Appl:Forcing GE on revision on parent:WinPE-PlatformId-Package~31bf3856ad364e35~amd64~~10.0.17763.1
2025-12-09 13:46:24, Info                  CBS    Appl:Forcing GE on revision on parent:WinPE-PowerShell-Package~31bf3856ad364e35~amd64~~10.0.17763.1
2025-12-09 13:46:24, Info                  CBS    Appl:Forcing GE on revision on parent:WinPE-PPPoE-Package~31bf3856ad364e35~amd64~~10.0.17763.1
2025-12-09 13:46:24, Info                  CBS    Appl:Forcing GE on revision on parent:WinPE-Rejuv-Package~31bf3856ad364e35~amd64~~10.0.17763.1
2025-12-09 13:46:24, Info                  CBS    Appl:Forcing GE on revision on parent:WinPE-RNDIS-Package~31bf3856ad364e35~amd64~~10.0.17763.1
2025-12-09 13:46:24, Info                  CBS    Appl:Forcing GE on revision on parent:WinPE-Scripting-Package~31bf3856ad364e35~amd64~~10.0.17763.1
2025-12-09 13:46:24, Info                  CBS    Appl:Forcing GE on revision on parent:WinPE-SecureStartup-Package~31bf3856ad364e35~amd64~~10.0.17763.1
2025-12-09 13:46:24, Info                  CBS    Appl:Forcing GE on revision on parent:WinPE-Setup-Package~31bf3856ad364e35~amd64~~10.0.17763.1
2025-12-09 13:46:24, Info                  CBS    Appl:Forcing GE on revision on parent:WinPE-Speech-TTS-ja-JP-Package~31bf3856ad364e35~amd64~~10.0.17763.1
2025-12-09 13:46:24, Info                  CBS    Appl:Forcing GE on revision on parent:WinPE-Speech-TTS-Package~31bf3856ad364e35~amd64~~10.0.17763.1
2025-12-09 13:46:24, Info                  CBS    Appl:Forcing GE on revision on parent:WinPE-Speech-TTS-zh-CN-Package~31bf3856ad364e35~amd64~~10.0.17763.1
2025-12-09 13:46:24, Info                  CBS    Appl:Forcing GE on revision on parent:WinPE-Speech-TTS-zh-HK-Package~31bf3856ad364e35~amd64~~10.0.17763.1
2025-12-09 13:46:24, Info                  CBS    Appl:Forcing GE on revision on parent:WinPE-Speech-TTS-zh-TW-Package~31bf3856ad364e35~amd64~~10.0.17763.1
2025-12-09 13:46:24, Info                  CBS    Appl:Forcing GE on revision on parent:WinPE-SRH-Package~31bf3856ad364e35~amd64~~10.0.17763.1
2025-12-09 13:46:24, Info                  CBS    Appl:Forcing GE on revision on parent:WinPE-SRT-Package~31bf3856ad364e35~amd64~~10.0.17763.1
2025-12-09 13:46:24, Info                  CBS    Appl:Forcing GE on revision on parent:WinPE-StorageWMI-Package~31bf3856ad364e35~amd64~~10.0.17763.1
2025-12-09 13:46:24, Info                  CBS    Appl:Forcing GE on revision on parent:WinPE-WDS-Tools-Package~31bf3856ad364e35~amd64~~10.0.17763.1
2025-12-09 13:46:24, Info                  CBS    Appl:Forcing GE on revision on parent:WinPE-WiFi-Package~31bf3856ad364e35~amd64~~10.0.17763.1
2025-12-09 13:46:24, Info                  CBS    Appl:Forcing GE on revision on parent:WinPE-WMI-Package~31bf3856ad364e35~amd64~~10.0.17763.1
2025-12-09 13:46:24, Info                  CBS    Package Format: PSFX
2025-12-09 13:46:24, Info                  CBS    Appl:Forcing GE on revision on parent:Microsoft-Windows-EnterpriseGEdition~31bf3856ad364e35~amd64~~10.0.17763.1
2025-12-09 13:46:24, Info                  CBS    Appl:Forcing GE on revision on parent:Microsoft-Windows-EnterpriseSEdition~31bf3856ad364e35~amd64~~10.0.17763.1
2025-12-09 13:46:24, Info                  CBS    Appl:Forcing GE on revision on parent:Microsoft-Windows-EnterpriseSEvalEdition~31bf3856ad364e35~amd64~~10.0.17763.1
2025-12-09 13:46:24, Info                  CBS    Appl:Forcing GE on revision on parent:Microsoft-Windows-EnterpriseSNEdition~31bf3856ad364e35~amd64~~10.0.17763.1
2025-12-09 13:46:24, Info                  CBS    Appl:Forcing GE on revision on parent:Microsoft-Windows-EnterpriseSNEvalEdition~31bf3856ad364e35~amd64~~10.0.17763.1
2025-12-09 13:46:24, Info                  CBS    Appl:Forcing GE on revision on parent:Microsoft-Windows-ProfessionalEdition~31bf3856ad364e35~amd64~~10.0.17763.1
2025-12-09 13:46:24, Info                  CBS    Appl:Forcing GE on revision on parent:Microsoft-Windows-ProfessionalNEdition~31bf3856ad364e35~amd64~~10.0.17763.1
2025-12-09 13:46:24, Info                  CBS    Appl:Forcing GE on revision on parent:Microsoft-Windows-ServerDatacenterCorEdition~31bf3856ad364e35~amd64~~10.0.17763.1
2025-12-09 13:46:24, Info                  CBS    Appl:Forcing GE on revision on parent:Microsoft-Windows-ServerDatacenterEdition~31bf3856ad364e35~amd64~~10.0.17763.1
2025-12-09 13:46:24, Info                  CBS    Appl:Forcing GE on revision on parent:Microsoft-Windows-ServerDatacenterEvalCorEdition~31bf3856ad364e35~amd64~~10.0.17763.1
2025-12-09 13:46:24, Info                  CBS    Appl:Forcing GE on revision on parent:Microsoft-Windows-ServerDatacenterEvalEdition~31bf3856ad364e35~amd64~~10.0.17763.1
2025-12-09 13:46:24, Info                  CBS    Appl:Forcing GE on revision on parent:Microsoft-Windows-ServerDatacenterNanoEdition~31bf3856ad364e35~amd64~~10.0.17763.1
2025-12-09 13:46:24, Info                  CBS    Appl:Forcing GE on revision on parent:Microsoft-Windows-ServerHyperCoreEdition~31bf3856ad364e35~amd64~~10.0.17763.1
2025-12-09 13:46:24, Info                  CBS    Appl:Forcing GE on revision on parent:Microsoft-Windows-ServerSolutionEdition~31bf3856ad364e35~amd64~~10.0.17763.1
2025-12-09 13:46:24, Info                  CBS    Appl:Forcing GE on revision on parent:Microsoft-Windows-ServerStandardCorEdition~31bf3856ad364e35~amd64~~10.0.17763.1
2025-12-09 13:46:24, Info                  CBS    Appl:Forcing GE on revision on parent:Microsoft-Windows-ServerStandardEdition~31bf3856ad364e35~amd64~~10.0.17763.1
2025-12-09 13:46:24, Info                  CBS    Appl:Forcing GE on revision on parent:Microsoft-Windows-ServerStandardEvalCorEdition~31bf3856ad364e35~amd64~~10.0.17763.1
2025-12-09 13:46:24, Info                  CBS    Appl:Forcing GE on revision on parent:Microsoft-Windows-ServerStandardEvalEdition~31bf3856ad364e35~amd64~~10.0.17763.1
2025-12-09 13:46:24, Info                  CBS    Appl:Forcing GE on revision on parent:Microsoft-Windows-ServerStandardNanoEdition~31bf3856ad364e35~amd64~~10.0.17763.1
2025-12-09 13:46:24, Info                  CBS    Appl:Forcing GE on revision on parent:Microsoft-Windows-UtilityVMEdition~31bf3856ad364e35~amd64~~10.0.17763.1
2025-12-09 13:46:24, Info                  CBS    Appl:Forcing GE on revision on parent:Microsoft-Windows-WinPE-Package~31bf3856ad364e35~amd64~~10.0.17763.1
2025-12-09 13:46:24, Info                  CBS    Session: 31222084_2123620517 finalized. Reboot required: no [HRESULT = 0x00000000 - S_OK]
2025-12-09 13:46:37, Info                  CBS    Session: 31222084_2278161603 initialized by client WinMgmt, external staging directory: (null), external registry directory: (null
2025-12-09 13:46:37, Info                  CBS    Appl:Forcing GE on revision on parent:Microsoft-Windows-Client-Features-Package~31bf3856ad364e35~amd64~~10.0.17763.1
2025-12-09 13:46:37, Info                  CBS    Appl:Forcing GE on revision on parent:Microsoft-Windows-EditionPack-Cloud-Package~31bf3856ad364e35~amd64~~10.0.17763.1
2025-12-09 13:46:37, Info                  CBS    Appl:Forcing GE on revision on parent:Microsoft-Windows-ServerCore-Package~31bf3856ad364e35~amd64~~10.0.17763.1
2025-12-09 13:46:37, Info                  CBS    Appl:Feature On Demand package without explicit comparator, using GE on build version
2025-12-09 13:46:37, Info                  CBS    Appl:Forcing GE on revision on parent:Microsoft-Windows-Foundation-Package~31bf3856ad364e35~amd64~~10.0.17763.1
2025-12-09 13:46:37, Info                  CBS    Appl:Feature On Demand package without explicit comparator, using GE on build version
2025-12-09 13:46:37, Info                  CBS    Appl:Forcing GE on revision on parent:Microsoft-Windows-Server-Shell-Package~31bf3856ad364e35~amd64~~10.0.17763.1
2025-12-09 13:46:37, Info                  CBS    Appl:Forcing GE on revision on parent:Microsoft-Windows-Foundation-Package~31bf3856ad364e35~amd64~~10.0.0.0
2025-12-09 13:46:37, Info                  CBS    Appl:Forcing GE on revision on parent:Microsoft-Windows-ServerCore-Package~31bf3856ad364e35~amd64~~10.0.0.0
2025-12-09 13:46:37, Info                  CBS    Appl:Forcing GE on revision on parent:Microsoft-Windows-ServerCore-Package~31bf3856ad364e35~amd64~~10.0.17763.1
2025-12-09 13:46:37, Info                  CBS    Appl:Forcing GE on revision on parent:Microsoft-Windows-Foundation-Package~31bf3856ad364e35~amd64~~10.0.17763.1
2025-12-09 13:46:37, Info                  CBS    Appl:Forcing GE on revision on parent:Microsoft-NanoServer-Edition-Core-Package~31bf3856ad364e35~amd64~~10.0.0.0
2025-12-09 13:46:37, Info                  CBS    Appl:Forcing GE on revision on parent:Microsoft-Windows-Client-Features-Package~31bf3856ad364e35~amd64~~10.0.17763.1
2025-12-09 13:46:37, Info                  CBS    Appl:Forcing GE on revision on parent:Microsoft-Windows-EditionPack-Cloud-Package~31bf3856ad364e35~amd64~~10.0.17763.1
2025-12-09 13:46:37, Info                  CBS    Appl:Forcing GE on revision on parent:Microsoft-Windows-Server-Features-Package~31bf3856ad364e35~amd64~~10.0.17763.1
2025-12-09 13:46:37, Info                  CBS    Appl:Forcing GE on revision on parent:Microsoft-Windows-CoreCountrySpecificEdition~31bf3856ad364e35~amd64~~10.0.17763.1
2025-12-09 13:46:37, Info                  CBS    Appl:Forcing GE on revision on parent:Microsoft-Windows-CoreEdition~31bf3856ad364e35~amd64~~10.0.17763.1
2025-12-09 13:46:37, Info                  CBS    Appl:Forcing GE on revision on parent:Microsoft-Windows-CoreNEdition~31bf3856ad364e35~amd64~~10.0.17763.1
2025-12-09 13:46:37, Info                  CBS    Appl:Forcing GE on revision on parent:Microsoft-Windows-EnterpriseEvalEdition~31bf3856ad364e35~amd64~~10.0.17763.1
2025-12-09 13:46:37, Info                  CBS    Appl:Forcing GE on revision on parent:Microsoft-Windows-EnterpriseGEdition~31bf3856ad364e35~amd64~~10.0.17763.1
2025-12-09 13:46:37, Info                  CBS    Appl:Forcing GE on revision on parent:Microsoft-Windows-EnterpriseGNEdition~31bf3856ad364e35~amd64~~10.0.17763.1
2025-12-09 13:46:37, Info                  CBS    Appl:Forcing GE on revision on parent:Microsoft-Windows-EnterpriseNEvalEdition~31bf3856ad364e35~amd64~~10.0.17763.1
2025-12-09 13:46:37, Info                  CBS    Appl:Forcing GE on revision on parent:Microsoft-Windows-EnterpriseSEdition~31bf3856ad364e35~amd64~~10.0.17763.1
2025-12-09 13:46:37, Info                  CBS    Appl:Forcing GE on revision on parent:Microsoft-Windows-EnterpriseSEvalEdition~31bf3856ad364e35~amd64~~10.0.17763.1
2025-12-09 13:46:37, Info                  CBS    Appl:Forcing GE on revision on parent:Microsoft-Windows-EnterpriseSNEdition~31bf3856ad364e35~amd64~~10.0.17763.1
2025-12-09 13:46:37, Info                  CBS    Appl:Forcing GE on revision on parent:Microsoft-Windows-EnterpriseSNEvalEdition~31bf3856ad364e35~amd64~~10.0.17763.1
2025-12-09 13:46:37, Info                  CBS    Appl:Forcing GE on revision on parent:Microsoft-Windows-ProfessionalEdition~31bf3856ad364e35~amd64~~10.0.17763.1
2025-12-09 13:46:37, Info                  CBS    Appl:Forcing GE on revision on parent:Microsoft-Windows-ProfessionalNEdition~31bf3856ad364e35~amd64~~10.0.17763.1
2025-12-09 13:46:37, Info                  CBS    Appl:Forcing GE on revision on parent:Microsoft-Windows-ServerDatacenterACorEdition~31bf3856ad364e35~amd64~~10.0.17763.1
2025-12-09 13:46:37, Info                  CBS    Appl:Forcing GE on revision on parent:Microsoft-Windows-ServerDatacenterCorEdition~31bf3856ad364e35~amd64~~10.0.17763.1
2025-12-09 13:46:37, Info                  CBS    Appl:Forcing GE on revision on parent:Microsoft-Windows-ServerDatacenterEdition~31bf3856ad364e35~amd64~~10.0.17763.1
2025-12-09 13:46:37, Info                  CBS    Appl:Forcing GE on revision on parent:Microsoft-Windows-ServerDatacenterEvalCorEdition~31bf3856ad364e35~amd64~~10.0.17763.1
2025-12-09 13:46:37, Info                  CBS    Appl:Forcing GE on revision on parent:Microsoft-Windows-ServerDatacenterEvalEdition~31bf3856ad364e35~amd64~~10.0.17763.1
2025-12-09 13:46:37, Info                  CBS    Appl:Forcing GE on revision on parent:Microsoft-Windows-ServerDatacenterNanoEdition~31bf3856ad364e35~amd64~~10.0.17763.1
2025-12-09 13:46:37, Info                  CBS    Appl:Forcing GE on revision on parent:Microsoft-Windows-ServerHyperCoreEdition~31bf3856ad364e35~amd64~~10.0.17763.1
2025-12-09 13:46:37, Info                  CBS    Appl:Forcing GE on revision on parent:Microsoft-Windows-ServerSolutionEdition~31bf3856ad364e35~amd64~~10.0.17763.1
2025-12-09 13:46:37, Info                  CBS    Appl:Forcing GE on revision on parent:Microsoft-Windows-ServerStandardACorEdition~31bf3856ad364e35~amd64~~10.0.17763.1
2025-12-09 13:46:37, Info                  CBS    Appl:Forcing GE on revision on parent:Microsoft-Windows-ServerStandardCorEdition~31bf3856ad364e35~amd64~~10.0.17763.1
2025-12-09 13:46:37, Info                  CBS    Appl:Forcing GE on revision on parent:Microsoft-Windows-ServerStandardEdition~31bf3856ad364e35~amd64~~10.0.17763.1
2025-12-09 13:46:37, Info                  CBS    Appl:Forcing GE on revision on parent:Microsoft-Windows-ServerStandardEvalCorEdition~31bf3856ad364e35~amd64~~10.0.17763.1
2025-12-09 13:46:37, Info                  CBS    Appl:Forcing GE on revision on parent:Microsoft-Windows-ServerStandardEvalEdition~31bf3856ad364e35~amd64~~10.0.17763.1
2025-12-09 13:46:37, Info                  CBS    Appl:Forcing GE on revision on parent:Microsoft-Windows-ServerStandardNanoEdition~31bf3856ad364e35~amd64~~10.0.17763.1
2025-12-09 13:46:37, Info                  CBS    Appl:Forcing GE on revision on parent:Microsoft-Windows-ServerStorageStandardEdition~31bf3856ad364e35~amd64~~10.0.17763.1
2025-12-09 13:46:37, Info                  CBS    Appl:Forcing GE on revision on parent:Microsoft-Windows-ServerStorageWorkgroupEdition~31bf3856ad364e35~amd64~~10.0.17763.1
2025-12-09 13:46:37, Info                  CBS    Appl:Forcing GE on revision on parent:Microsoft-Windows-ServerWebEdition~31bf3856ad364e35~amd64~~10.0.17763.1
2025-12-09 13:46:37, Info                  CBS    Appl:Forcing GE on revision on parent:Microsoft-Windows-UtilityVMEdition~31bf3856ad364e35~amd64~~10.0.17763.1
2025-12-09 13:46:37, Info                  CBS    Appl:Forcing GE on revision on parent:WinPE-NetFx-Package~31bf3856ad364e35~amd64~~10.0.17763.1
2025-12-09 13:46:37, Info                  CBS    Appl:Forcing GE on revision on parent:Microsoft-Windows-CloudEdition~31bf3856ad364e35~amd64~~10.0.16299.15
2025-12-09 13:46:37, Info                  CBS    Appl:Forcing GE on revision on parent:Microsoft-Windows-CloudNEdition~31bf3856ad364e35~amd64~~10.0.16299.15
2025-12-09 13:46:37, Info                  CBS    Appl:Forcing GE on revision on parent:Microsoft-Windows-CoreCountrySpecificEdition~31bf3856ad364e35~amd64~~10.0.16299.15
2025-12-09 13:46:37, Info                  CBS    Appl:Forcing GE on revision on parent:Microsoft-Windows-CoreEdition~31bf3856ad364e35~amd64~~10.0.16299.15
2025-12-09 13:46:37, Info                  CBS    Appl:Forcing GE on revision on parent:Microsoft-Windows-CoreNEdition~31bf3856ad364e35~amd64~~10.0.16299.15
2025-12-09 13:46:37, Info                  CBS    Appl:Forcing GE on revision on parent:Microsoft-Windows-CoreSingleLanguageEdition~31bf3856ad364e35~amd64~~10.0.16299.15
2025-12-09 13:46:37, Info                  CBS    Appl:Forcing GE on revision on parent:Microsoft-Windows-EducationEdition~31bf3856ad364e35~amd64~~10.0.16299.15
2025-12-09 13:46:37, Info                  CBS    Appl:Forcing GE on revision on parent:Microsoft-Windows-EducationNEdition~31bf3856ad364e35~amd64~~10.0.16299.15
2025-12-09 13:46:37, Info                  CBS    Appl:Forcing GE on revision on parent:Microsoft-Windows-EnterpriseEdition~31bf3856ad364e35~amd64~~10.0.16299.15
2025-12-09 13:46:37, Info                  CBS    Appl:Forcing GE on revision on parent:Microsoft-Windows-EnterpriseEvalEdition~31bf3856ad364e35~amd64~~10.0.16299.15
2025-12-09 13:46:37, Info                  CBS    Appl:Forcing GE on revision on parent:Microsoft-Windows-EnterpriseGEdition~31bf3856ad364e35~amd64~~10.0.16299.15
2025-12-09 13:46:37, Info                  CBS    Appl:Forcing GE on revision on parent:Microsoft-Windows-EnterpriseGNEdition~31bf3856ad364e35~amd64~~10.0.16299.15
2025-12-09 13:46:37, Info                  CBS    Appl:Forcing GE on revision on parent:Microsoft-Windows-EnterpriseNEdition~31bf3856ad364e35~amd64~~10.0.16299.15
2025-12-09 13:46:37, Info                  CBS    Appl:Forcing GE on revision on parent:Microsoft-Windows-EnterpriseNEvalEdition~31bf3856ad364e35~amd64~~10.0.16299.15
2025-12-09 13:46:37, Info                  CBS    Appl:Forcing GE on revision on parent:Microsoft-Windows-EnterpriseSEdition~31bf3856ad364e35~amd64~~10.0.16299.15
2025-12-09 13:46:37, Info                  CBS    Appl:Forcing GE on revision on parent:Microsoft-Windows-EnterpriseSEvalEdition~31bf3856ad364e35~amd64~~10.0.16299.15
2025-12-09 13:46:37, Info                  CBS    Appl:Forcing GE on revision on parent:Microsoft-Windows-EnterpriseSNEdition~31bf3856ad364e35~amd64~~10.0.16299.15
2025-12-09 13:46:37, Info                  CBS    Appl:Forcing GE on revision on parent:Microsoft-Windows-EnterpriseSNEvalEdition~31bf3856ad364e35~amd64~~10.0.16299.15
2025-12-09 13:46:37, Info                  CBS    Appl:Forcing GE on revision on parent:Microsoft-Windows-PPIProEdition~31bf3856ad364e35~amd64~~10.0.16299.15
2025-12-09 13:46:37, Info                  CBS    Appl:Forcing GE on revision on parent:Microsoft-Windows-ProfessionalEdition~31bf3856ad364e35~amd64~~10.0.16299.15
2025-12-09 13:46:37, Info                  CBS    Appl:Forcing GE on revision on parent:Microsoft-Windows-ProfessionalEducationEdition~31bf3856ad364e35~amd64~~10.0.16299.15
2025-12-09 13:46:37, Info                  CBS    Appl:Forcing GE on revision on parent:Microsoft-Windows-ProfessionalEducationNEdition~31bf3856ad364e35~amd64~~10.0.16299.15
2025-12-09 13:46:37, Info                  CBS    Appl:Forcing GE on revision on parent:Microsoft-Windows-ProfessionalNEdition~31bf3856ad364e35~amd64~~10.0.16299.15
2025-12-09 13:46:37, Info                  CBS    Appl:Forcing GE on revision on parent:Microsoft-Windows-ProfessionalWorkstationEdition~31bf3856ad364e35~amd64~~10.0.16299.15
2025-12-09 13:46:37, Info                  CBS    Appl:Forcing GE on revision on parent:Microsoft-Windows-ServerDatacenterACorEdition~31bf3856ad364e35~amd64~~10.0.16299.15
2025-12-09 13:46:37, Info                  CBS    Appl:Forcing GE on revision on parent:Microsoft-Windows-ServerDatacenterCorEdition~31bf3856ad364e35~amd64~~10.0.16299.15
2025-12-09 13:46:37, Info                  CBS    Appl:Forcing GE on revision on parent:Microsoft-Windows-ServerDatacenterEdition~31bf3856ad364e35~amd64~~10.0.16299.15
2025-12-09 13:46:37, Info                  CBS    Appl:Forcing GE on revision on parent:Microsoft-Windows-ServerDatacenterEvalCorEdition~31bf3856ad364e35~amd64~~10.0.16299.15
2025-12-09 13:46:37, Info                  CBS    Appl:Forcing GE on revision on parent:Microsoft-Windows-ServerDatacenterEvalEdition~31bf3856ad364e35~amd64~~10.0.16299.15
2025-12-09 13:46:37, Info                  CBS    Appl:Forcing GE on revision on parent:Microsoft-Windows-ServerHyperCoreEdition~31bf3856ad364e35~amd64~~10.0.16299.15
2025-12-09 13:46:37, Info                  CBS    Appl:Forcing GE on revision on parent:Microsoft-Windows-ServerSolutionEdition~31bf3856ad364e35~amd64~~10.0.16299.15
2025-12-09 13:46:37, Info                  CBS    Appl:Forcing GE on revision on parent:Microsoft-Windows-ServerStandardACorEdition~31bf3856ad364e35~amd64~~10.0.16299.15
2025-12-09 13:46:37, Info                  CBS    Appl:Forcing GE on revision on parent:Microsoft-Windows-ServerStandardCorEdition~31bf3856ad364e35~amd64~~10.0.16299.15
2025-12-09 13:46:37, Info                  CBS    Appl:Forcing GE on revision on parent:Microsoft-Windows-ServerStandardEdition~31bf3856ad364e35~amd64~~10.0.16299.15
2025-12-09 13:46:37, Info                  CBS    Appl:Forcing GE on revision on parent:Microsoft-Windows-ServerStandardEvalCorEdition~31bf3856ad364e35~amd64~~10.0.16299.15
2025-12-09 13:46:37, Info                  CBS    Appl:Forcing GE on revision on parent:Microsoft-Windows-ServerStandardEvalEdition~31bf3856ad364e35~amd64~~10.0.16299.15
2025-12-09 13:46:37, Info                  CBS    Appl:Forcing GE on revision on parent:Microsoft-Windows-ServerStorageStandardEdition~31bf3856ad364e35~amd64~~10.0.16299.15
2025-12-09 13:46:37, Info                  CBS    Appl:Forcing GE on revision on parent:Microsoft-Windows-ServerStorageWorkgroupEdition~31bf3856ad364e35~amd64~~10.0.16299.15
2025-12-09 13:46:37, Info                  CBS    Appl:Forcing GE on revision on parent:WinPE-NetFx-Package~31bf3856ad364e35~amd64~~10.0.16299.15
2025-12-09 13:46:37, Info                  CBS    Appl:Forcing GE on revision on parent:Microsoft-Windows-CoreCountrySpecificEdition~31bf3856ad364e35~amd64~~10.0.17763.1
2025-12-09 13:46:37, Info                  CBS    Appl:Forcing GE on revision on parent:Microsoft-Windows-CoreEdition~31bf3856ad364e35~amd64~~10.0.17763.1
2025-12-09 13:46:37, Info                  CBS    Appl:Forcing GE on revision on parent:Microsoft-Windows-CoreNEdition~31bf3856ad364e35~amd64~~10.0.17763.1
2025-12-09 13:46:37, Info                  CBS    Appl:Forcing GE on revision on parent:Microsoft-Windows-EnterpriseEvalEdition~31bf3856ad364e35~amd64~~10.0.17763.1
2025-12-09 13:46:37, Info                  CBS    Appl:Forcing GE on revision on parent:Microsoft-Windows-EnterpriseGEdition~31bf3856ad364e35~amd64~~10.0.17763.1
2025-12-09 13:46:37, Info                  CBS    Appl:Forcing GE on revision on parent:Microsoft-Windows-EnterpriseNEvalEdition~31bf3856ad364e35~amd64~~10.0.17763.1
2025-12-09 13:46:37, Info                  CBS    Appl:Forcing GE on revision on parent:Microsoft-Windows-EnterpriseSEdition~31bf3856ad364e35~amd64~~10.0.17763.1
2025-12-09 13:46:37, Info                  CBS    Appl:Forcing GE on revision on parent:Microsoft-Windows-EnterpriseSEvalEdition~31bf3856ad364e35~amd64~~10.0.17763.1
2025-12-09 13:46:37, Info                  CBS    Appl:Forcing GE on revision on parent:Microsoft-Windows-EnterpriseSNEdition~31bf3856ad364e35~amd64~~10.0.17763.1
2025-12-09 13:46:37, Info                  CBS    Appl:Forcing GE on revision on parent:Microsoft-Windows-EnterpriseSNEvalEdition~31bf3856ad364e35~amd64~~10.0.17763.1
2025-12-09 13:46:37, Info                  CBS    Appl:Forcing GE on revision on parent:Microsoft-Windows-ProfessionalEdition~31bf3856ad364e35~amd64~~10.0.17763.1
2025-12-09 13:46:37, Info                  CBS    Appl:Forcing GE on revision on parent:Microsoft-Windows-ProfessionalNEdition~31bf3856ad364e35~amd64~~10.0.17763.1
2025-12-09 13:46:37, Info                  CBS    Appl:Forcing GE on revision on parent:Microsoft-Windows-ServerDatacenterACorEdition~31bf3856ad364e35~amd64~~10.0.17763.1
2025-12-09 13:46:37, Info                  CBS    Appl:Forcing GE on revision on parent:Microsoft-Windows-ServerDatacenterCorEdition~31bf3856ad364e35~amd64~~10.0.17763.1
2025-12-09 13:46:37, Info                  CBS    Appl:Forcing GE on revision on parent:Microsoft-Windows-ServerDatacenterEdition~31bf3856ad364e35~amd64~~10.0.17763.1
2025-12-09 13:46:37, Info                  CBS    Appl:Forcing GE on revision on parent:Microsoft-Windows-ServerDatacenterEvalCorEdition~31bf3856ad364e35~amd64~~10.0.17763.1
2025-12-09 13:46:37, Info                  CBS    Appl:Forcing GE on revision on parent:Microsoft-Windows-ServerDatacenterEvalEdition~31bf3856ad364e35~amd64~~10.0.17763.1
2025-12-09 13:46:37, Info                  CBS    Appl:Forcing GE on revision on parent:Microsoft-Windows-ServerDatacenterNanoEdition~31bf3856ad364e35~amd64~~10.0.17763.1
2025-12-09 13:46:37, Info                  CBS    Appl:Forcing GE on revision on parent:Microsoft-Windows-ServerHyperCoreEdition~31bf3856ad364e35~amd64~~10.0.17763.1
2025-12-09 13:46:37, Info                  CBS    Appl:Forcing GE on revision on parent:Microsoft-Windows-ServerSolutionEdition~31bf3856ad364e35~amd64~~10.0.17763.1
2025-12-09 13:46:37, Info                  CBS    Appl:Forcing GE on revision on parent:Microsoft-Windows-ServerStandardACorEdition~31bf3856ad364e35~amd64~~10.0.17763.1
2025-12-09 13:46:37, Info                  CBS    Appl:Forcing GE on revision on parent:Microsoft-Windows-ServerStandardCorEdition~31bf3856ad364e35~amd64~~10.0.17763.1
2025-12-09 13:46:37, Info                  CBS    Appl:Forcing GE on revision on parent:Microsoft-Windows-ServerStandardEdition~31bf3856ad364e35~amd64~~10.0.17763.1
2025-12-09 13:46:37, Info                  CBS    Appl:Forcing GE on revision on parent:Microsoft-Windows-ServerStandardEvalCorEdition~31bf3856ad364e35~amd64~~10.0.17763.1
2025-12-09 13:46:37, Info                  CBS    Appl:Forcing GE on revision on parent:Microsoft-Windows-ServerStandardEvalEdition~31bf3856ad364e35~amd64~~10.0.17763.1
2025-12-09 13:46:37, Info                  CBS    Appl:Forcing GE on revision on parent:Microsoft-Windows-ServerStandardNanoEdition~31bf3856ad364e35~amd64~~10.0.17763.1
2025-12-09 13:46:37, Info                  CBS    Appl:Forcing GE on revision on parent:Microsoft-Windows-UtilityVMEdition~31bf3856ad364e35~amd64~~10.0.17763.1
2025-12-09 13:46:37, Info                  CBS    Appl:Forcing GE on revision on parent:Microsoft-Windows-WinPE-Package~31bf3856ad364e35~amd64~~10.0.17763.1
2025-12-09 13:46:37, Info                  CBS    Appl:Forcing GE on revision on parent:Microsoft-Windows-EnterpriseEvalEdition~31bf3856ad364e35~amd64~~10.0.17763.1
2025-12-09 13:46:37, Info                  CBS    Appl:Forcing GE on revision on parent:Microsoft-Windows-EnterpriseGEdition~31bf3856ad364e35~amd64~~10.0.17763.1
2025-12-09 13:46:37, Info                  CBS    Appl:Forcing GE on revision on parent:Microsoft-Windows-EnterpriseNEvalEdition~31bf3856ad364e35~amd64~~10.0.17763.1
2025-12-09 13:46:37, Info                  CBS    Appl:Forcing GE on revision on parent:Microsoft-Windows-EnterpriseSEdition~31bf3856ad364e35~amd64~~10.0.17763.1
2025-12-09 13:46:37, Info                  CBS    Appl:Forcing GE on revision on parent:Microsoft-Windows-EnterpriseSEvalEdition~31bf3856ad364e35~amd64~~10.0.17763.1
2025-12-09 13:46:37, Info                  CBS    Appl:Forcing GE on revision on parent:Microsoft-Windows-EnterpriseSNEdition~31bf3856ad364e35~amd64~~10.0.17763.1
2025-12-09 13:46:37, Info                  CBS    Appl:Forcing GE on revision on parent:Microsoft-Windows-EnterpriseSNEvalEdition~31bf3856ad364e35~amd64~~10.0.17763.1
2025-12-09 13:46:37, Info                  CBS    Appl:Forcing GE on revision on parent:Microsoft-Windows-ProfessionalEdition~31bf3856ad364e35~amd64~~10.0.17763.1
2025-12-09 13:46:37, Info                  CBS    Appl:Forcing GE on revision on parent:Microsoft-Windows-ProfessionalNEdition~31bf3856ad364e35~amd64~~10.0.17763.1
2025-12-09 13:46:37, Info                  CBS    Appl:Forcing GE on revision on parent:Microsoft-Windows-ServerDatacenterCorEdition~31bf3856ad364e35~amd64~~10.0.17763.1
2025-12-09 13:46:37, Info                  CBS    Appl:Forcing GE on revision on parent:Microsoft-Windows-ServerDatacenterEdition~31bf3856ad364e35~amd64~~10.0.17763.1
2025-12-09 13:46:37, Info                  CBS    Appl:Forcing GE on revision on parent:Microsoft-Windows-ServerDatacenterEvalCorEdition~31bf3856ad364e35~amd64~~10.0.17763.1
2025-12-09 13:46:37, Info                  CBS    Appl:Forcing GE on revision on parent:Microsoft-Windows-ServerDatacenterEvalEdition~31bf3856ad364e35~amd64~~10.0.17763.1
2025-12-09 13:46:37, Info                  CBS    Appl:Forcing GE on revision on parent:Microsoft-Windows-ServerDatacenterNanoEdition~31bf3856ad364e35~amd64~~10.0.17763.1
2025-12-09 13:46:37, Info                  CBS    Appl:Forcing GE on revision on parent:Microsoft-Windows-ServerHyperCoreEdition~31bf3856ad364e35~amd64~~10.0.17763.1
2025-12-09 13:46:37, Info                  CBS    Appl:Forcing GE on revision on parent:Microsoft-Windows-ServerSolutionEdition~31bf3856ad364e35~amd64~~10.0.17763.1
2025-12-09 13:46:37, Info                  CBS    Appl:Forcing GE on revision on parent:Microsoft-Windows-ServerStandardCorEdition~31bf3856ad364e35~amd64~~10.0.17763.1
2025-12-09 13:46:37, Info                  CBS    Appl:Forcing GE on revision on parent:Microsoft-Windows-ServerStandardEdition~31bf3856ad364e35~amd64~~10.0.17763.1
2025-12-09 13:46:37, Info                  CBS    Appl:Forcing GE on revision on parent:Microsoft-Windows-ServerStandardEvalCorEdition~31bf3856ad364e35~amd64~~10.0.17763.1
2025-12-09 13:46:37, Info                  CBS    Appl:Forcing GE on revision on parent:Microsoft-Windows-ServerStandardEvalEdition~31bf3856ad364e35~amd64~~10.0.17763.1
2025-12-09 13:46:37, Info                  CBS    Appl:Forcing GE on revision on parent:Microsoft-Windows-ServerStandardNanoEdition~31bf3856ad364e35~amd64~~10.0.17763.1
2025-12-09 13:46:37, Info                  CBS    Appl:Forcing GE on revision on parent:Microsoft-Windows-UtilityVMEdition~31bf3856ad364e35~amd64~~10.0.17763.1
2025-12-09 13:46:37, Info                  CBS    Appl:Forcing GE on revision on parent:Microsoft-Windows-WinPE-Package~31bf3856ad364e35~amd64~~10.0.17763.1
2025-12-09 13:46:39, Info                  CBS    Appl:Forcing GE on revision on parent:Microsoft-Windows-EnterpriseGEdition~31bf3856ad364e35~amd64~~10.0.17763.1
2025-12-09 13:46:39, Info                  CBS    Appl:Forcing GE on revision on parent:Microsoft-Windows-EnterpriseSEdition~31bf3856ad364e35~amd64~~10.0.17763.1
2025-12-09 13:46:39, Info                  CBS    Appl:Forcing GE on revision on parent:Microsoft-Windows-EnterpriseSEvalEdition~31bf3856ad364e35~amd64~~10.0.17763.1
2025-12-09 13:46:39, Info                  CBS    Appl:Forcing GE on revision on parent:Microsoft-Windows-EnterpriseSNEdition~31bf3856ad364e35~amd64~~10.0.17763.1
2025-12-09 13:46:39, Info                  CBS    Appl:Forcing GE on revision on parent:Microsoft-Windows-EnterpriseSNEvalEdition~31bf3856ad364e35~amd64~~10.0.17763.1
2025-12-09 13:46:39, Info                  CBS    Appl:Forcing GE on revision on parent:Microsoft-Windows-ProfessionalEdition~31bf3856ad364e35~amd64~~10.0.17763.1
2025-12-09 13:46:39, Info                  CBS    Appl:Forcing GE on revision on parent:Microsoft-Windows-ProfessionalNEdition~31bf3856ad364e35~amd64~~10.0.17763.1
2025-12-09 13:46:39, Info                  CBS    Appl:Forcing GE on revision on parent:Microsoft-Windows-ServerDatacenterCorEdition~31bf3856ad364e35~amd64~~10.0.17763.1
2025-12-09 13:46:39, Info                  CBS    Appl:Forcing GE on revision on parent:Microsoft-Windows-ServerDatacenterEdition~31bf3856ad364e35~amd64~~10.0.17763.1
2025-12-09 13:46:39, Info                  CBS    Appl:Forcing GE on revision on parent:Microsoft-Windows-ServerDatacenterEvalCorEdition~31bf3856ad364e35~amd64~~10.0.17763.1
2025-12-09 13:46:39, Info                  CBS    Appl:Forcing GE on revision on parent:Microsoft-Windows-ServerDatacenterEvalEdition~31bf3856ad364e35~amd64~~10.0.17763.1
2025-12-09 13:46:39, Info                  CBS    Appl:Forcing GE on revision on parent:Microsoft-Windows-ServerDatacenterNanoEdition~31bf3856ad364e35~amd64~~10.0.17763.1
2025-12-09 13:46:39, Info                  CBS    Appl:Forcing GE on revision on parent:Microsoft-Windows-ServerHyperCoreEdition~31bf3856ad364e35~amd64~~10.0.17763.1
2025-12-09 13:46:39, Info                  CBS    Appl:Forcing GE on revision on parent:Microsoft-Windows-ServerSolutionEdition~31bf3856ad364e35~amd64~~10.0.17763.1
2025-12-09 13:46:39, Info                  CBS    Appl:Forcing GE on revision on parent:Microsoft-Windows-ServerStandardCorEdition~31bf3856ad364e35~amd64~~10.0.17763.1
2025-12-09 13:46:39, Info                  CBS    Appl:Forcing GE on revision on parent:Microsoft-Windows-ServerStandardEdition~31bf3856ad364e35~amd64~~10.0.17763.1
2025-12-09 13:46:39, Info                  CBS    Appl:Forcing GE on revision on parent:Microsoft-Windows-ServerStandardEvalCorEdition~31bf3856ad364e35~amd64~~10.0.17763.1
2025-12-09 13:46:39, Info                  CBS    Appl:Forcing GE on revision on parent:Microsoft-Windows-ServerStandardEvalEdition~31bf3856ad364e35~amd64~~10.0.17763.1
2025-12-09 13:46:39, Info                  CBS    Appl:Forcing GE on revision on parent:Microsoft-Windows-ServerStandardNanoEdition~31bf3856ad364e35~amd64~~10.0.17763.1
2025-12-09 13:46:39, Info                  CBS    Appl:Forcing GE on revision on parent:Microsoft-Windows-UtilityVMEdition~31bf3856ad364e35~amd64~~10.0.17763.1
2025-12-09 13:46:39, Info                  CBS    Appl:Forcing GE on revision on parent:Microsoft-Windows-WinPE-Package~31bf3856ad364e35~amd64~~10.0.17763.1
2025-12-09 13:46:39, Info                  CBS    Appl:Forcing GE on revision on parent:WinPE-AppxPackaging-Package~31bf3856ad364e35~amd64~~10.0.17763.1
2025-12-09 13:46:39, Info                  CBS    Appl:Forcing GE on revision on parent:WinPE-ATBroker-Package~31bf3856ad364e35~amd64~~10.0.17763.1
2025-12-09 13:46:39, Info                  CBS    Appl:Forcing GE on revision on parent:WinPE-AudioCore-Package~31bf3856ad364e35~amd64~~10.0.17763.1
2025-12-09 13:46:39, Info                  CBS    Appl:Forcing GE on revision on parent:WinPE-AudioDrivers-Package~31bf3856ad364e35~amd64~~10.0.17763.1
2025-12-09 13:46:39, Info                  CBS    Appl:Forcing GE on revision on parent:WinPE-DismCmdlets-Package~31bf3856ad364e35~amd64~~10.0.17763.1
2025-12-09 13:46:39, Info                  CBS    Appl:Forcing GE on revision on parent:WinPE-Dot3Svc-Package~31bf3856ad364e35~amd64~~10.0.17763.1
2025-12-09 13:46:39, Info                  CBS    Appl:Forcing GE on revision on parent:WinPE-EnhancedStorage-Package~31bf3856ad364e35~amd64~~10.0.17763.1
2025-12-09 13:46:39, Info                  CBS    Appl:Forcing GE on revision on parent:WinPE-FontSupport-JA-JP-Package~31bf3856ad364e35~amd64~~10.0.17763.1
2025-12-09 13:46:39, Info                  CBS    Appl:Forcing GE on revision on parent:WinPE-GamingPeripherals-Package~31bf3856ad364e35~amd64~~10.0.17763.1
2025-12-09 13:46:39, Info                  CBS    Appl:Forcing GE on revision on parent:WinPE-HTA-Package~31bf3856ad364e35~amd64~~10.0.17763.1
2025-12-09 13:46:39, Info                  CBS    Appl:Forcing GE on revision on parent:WinPE-LegacySetup-Package~31bf3856ad364e35~amd64~~10.0.17763.1
2025-12-09 13:46:39, Info                  CBS    Appl:Forcing GE on revision on parent:WinPE-MDAC-Package~31bf3856ad364e35~amd64~~10.0.17763.1
2025-12-09 13:46:39, Info                  CBS    Appl:Forcing GE on revision on parent:WinPE-Narrator-Package~31bf3856ad364e35~amd64~~10.0.17763.1
2025-12-09 13:46:39, Info                  CBS    Appl:Forcing GE on revision on parent:WinPE-NetFx-Package~31bf3856ad364e35~amd64~~10.0.17763.1
2025-12-09 13:46:39, Info                  CBS    Appl:Forcing GE on revision on parent:WinPE-PlatformId-Package~31bf3856ad364e35~amd64~~10.0.17763.1
2025-12-09 13:46:39, Info                  CBS    Appl:Forcing GE on revision on parent:WinPE-PowerShell-Package~31bf3856ad364e35~amd64~~10.0.17763.1
2025-12-09 13:46:39, Info                  CBS    Appl:Forcing GE on revision on parent:WinPE-PPPoE-Package~31bf3856ad364e35~amd64~~10.0.17763.1
2025-12-09 13:46:39, Info                  CBS    Appl:Forcing GE on revision on parent:WinPE-Rejuv-Package~31bf3856ad364e35~amd64~~10.0.17763.1
2025-12-09 13:46:39, Info                  CBS    Appl:Forcing GE on revision on parent:WinPE-RNDIS-Package~31bf3856ad364e35~amd64~~10.0.17763.1
2025-12-09 13:46:39, Info                  CBS    Appl:Forcing GE on revision on parent:WinPE-Scripting-Package~31bf3856ad364e35~amd64~~10.0.17763.1
2025-12-09 13:46:39, Info                  CBS    Appl:Forcing GE on revision on parent:WinPE-SecureStartup-Package~31bf3856ad364e35~amd64~~10.0.17763.1
2025-12-09 13:46:39, Info                  CBS    Appl:Forcing GE on revision on parent:WinPE-Setup-Package~31bf3856ad364e35~amd64~~10.0.17763.1
2025-12-09 13:46:39, Info                  CBS    Appl:Forcing GE on revision on parent:WinPE-Speech-TTS-ja-JP-Package~31bf3856ad364e35~amd64~~10.0.17763.1
2025-12-09 13:46:39, Info                  CBS    Appl:Forcing GE on revision on parent:WinPE-Speech-TTS-Package~31bf3856ad364e35~amd64~~10.0.17763.1
2025-12-09 13:46:39, Info                  CBS    Appl:Forcing GE on revision on parent:WinPE-Speech-TTS-zh-CN-Package~31bf3856ad364e35~amd64~~10.0.17763.1
2025-12-09 13:46:39, Info                  CBS    Appl:Forcing GE on revision on parent:WinPE-Speech-TTS-zh-HK-Package~31bf3856ad364e35~amd64~~10.0.17763.1
2025-12-09 13:46:39, Info                  CBS    Appl:Forcing GE on revision on parent:WinPE-Speech-TTS-zh-TW-Package~31bf3856ad364e35~amd64~~10.0.17763.1
2025-12-09 13:46:39, Info                  CBS    Appl:Forcing GE on revision on parent:WinPE-SRH-Package~31bf3856ad364e35~amd64~~10.0.17763.1
2025-12-09 13:46:39, Info                  CBS    Appl:Forcing GE on revision on parent:WinPE-SRT-Package~31bf3856ad364e35~amd64~~10.0.17763.1
2025-12-09 13:46:39, Info                  CBS    Appl:Forcing GE on revision on parent:WinPE-StorageWMI-Package~31bf3856ad364e35~amd64~~10.0.17763.1
2025-12-09 13:46:39, Info                  CBS    Appl:Forcing GE on revision on parent:WinPE-WDS-Tools-Package~31bf3856ad364e35~amd64~~10.0.17763.1
2025-12-09 13:46:39, Info                  CBS    Appl:Forcing GE on revision on parent:WinPE-WiFi-Package~31bf3856ad364e35~amd64~~10.0.17763.1
2025-12-09 13:46:39, Info                  CBS    Appl:Forcing GE on revision on parent:WinPE-WMI-Package~31bf3856ad364e35~amd64~~10.0.17763.1
2025-12-09 13:46:39, Info                  CBS    Package Format: PSFX
2025-12-09 13:46:40, Info                  CBS    Appl:Forcing GE on revision on parent:Microsoft-Windows-EnterpriseGEdition~31bf3856ad364e35~amd64~~10.0.17763.1
2025-12-09 13:46:40, Info                  CBS    Appl:Forcing GE on revision on parent:Microsoft-Windows-EnterpriseSEdition~31bf3856ad364e35~amd64~~10.0.17763.1
2025-12-09 13:46:40, Info                  CBS    Appl:Forcing GE on revision on parent:Microsoft-Windows-EnterpriseSEvalEdition~31bf3856ad364e35~amd64~~10.0.17763.1
2025-12-09 13:46:40, Info                  CBS    Appl:Forcing GE on revision on parent:Microsoft-Windows-EnterpriseSNEdition~31bf3856ad364e35~amd64~~10.0.17763.1
2025-12-09 13:46:40, Info                  CBS    Appl:Forcing GE on revision on parent:Microsoft-Windows-EnterpriseSNEvalEdition~31bf3856ad364e35~amd64~~10.0.17763.1
2025-12-09 13:46:40, Info                  CBS    Appl:Forcing GE on revision on parent:Microsoft-Windows-ProfessionalEdition~31bf3856ad364e35~amd64~~10.0.17763.1
2025-12-09 13:46:40, Info                  CBS    Appl:Forcing GE on revision on parent:Microsoft-Windows-ProfessionalNEdition~31bf3856ad364e35~amd64~~10.0.17763.1
2025-12-09 13:46:40, Info                  CBS    Appl:Forcing GE on revision on parent:Microsoft-Windows-ServerDatacenterCorEdition~31bf3856ad364e35~amd64~~10.0.17763.1
2025-12-09 13:46:40, Info                  CBS    Appl:Forcing GE on revision on parent:Microsoft-Windows-ServerDatacenterEdition~31bf3856ad364e35~amd64~~10.0.17763.1
2025-12-09 13:46:40, Info                  CBS    Appl:Forcing GE on revision on parent:Microsoft-Windows-ServerDatacenterEvalCorEdition~31bf3856ad364e35~amd64~~10.0.17763.1
2025-12-09 13:46:40, Info                  CBS    Appl:Forcing GE on revision on parent:Microsoft-Windows-ServerDatacenterEvalEdition~31bf3856ad364e35~amd64~~10.0.17763.1
2025-12-09 13:46:40, Info                  CBS    Appl:Forcing GE on revision on parent:Microsoft-Windows-ServerDatacenterNanoEdition~31bf3856ad364e35~amd64~~10.0.17763.1
2025-12-09 13:46:40, Info                  CBS    Appl:Forcing GE on revision on parent:Microsoft-Windows-ServerHyperCoreEdition~31bf3856ad364e35~amd64~~10.0.17763.1
2025-12-09 13:46:40, Info                  CBS    Appl:Forcing GE on revision on parent:Microsoft-Windows-ServerSolutionEdition~31bf3856ad364e35~amd64~~10.0.17763.1
2025-12-09 13:46:40, Info                  CBS    Appl:Forcing GE on revision on parent:Microsoft-Windows-ServerStandardCorEdition~31bf3856ad364e35~amd64~~10.0.17763.1
2025-12-09 13:46:40, Info                  CBS    Appl:Forcing GE on revision on parent:Microsoft-Windows-ServerStandardEdition~31bf3856ad364e35~amd64~~10.0.17763.1
2025-12-09 13:46:40, Info                  CBS    Appl:Forcing GE on revision on parent:Microsoft-Windows-ServerStandardEvalCorEdition~31bf3856ad364e35~amd64~~10.0.17763.1
2025-12-09 13:46:40, Info                  CBS    Appl:Forcing GE on revision on parent:Microsoft-Windows-ServerStandardEvalEdition~31bf3856ad364e35~amd64~~10.0.17763.1
2025-12-09 13:46:40, Info                  CBS    Appl:Forcing GE on revision on parent:Microsoft-Windows-ServerStandardNanoEdition~31bf3856ad364e35~amd64~~10.0.17763.1
2025-12-09 13:46:40, Info                  CBS    Appl:Forcing GE on revision on parent:Microsoft-Windows-UtilityVMEdition~31bf3856ad364e35~amd64~~10.0.17763.1
2025-12-09 13:46:40, Info                  CBS    Appl:Forcing GE on revision on parent:Microsoft-Windows-WinPE-Package~31bf3856ad364e35~amd64~~10.0.17763.1
2025-12-09 13:46:40, Info                  CBS    Session: 31222084_2278161603 finalized. Reboot required: no [HRESULT = 0x00000000 - S_OK]
